
Bianca@MSI MINGW64 ~/Documents/Actividad7
$ git init -b main
Initialized empty Git repository in C:/Users/Bianca/Documents/Actividad7/.git/

Bianca@MSI MINGW64 ~/Documents/Actividad7 (main)
$ git branch

Bianca@MSI MINGW64 ~/Documents/Actividad7 (main)
$ echo "Inicio del proyecto" > README.txt

Bianca@MSI MINGW64 ~/Documents/Actividad7 (main)
$ git add README.txt

Bianca@MSI MINGW64 ~/Documents/Actividad7 (main)
$ git commit -m "Commit inicial"
[main (root-commit) 890b8b3] Commit inicial
 1 file changed, 1 insertion(+)
 create mode 100644 README.txt

Bianca@MSI MINGW64 ~/Documents/Actividad7 (main)
$ git checkout -b feature-1
Switched to a new branch 'feature-1'

Bianca@MSI MINGW64 ~/Documents/Actividad7 (feature-1)
$ git log
commit 890b8b3905d89afc16bbb4c5096cb8eb1737d3ac (HEAD -> feature-1, main)
Author: BiancaMT957 <merchantorresbianca75@gmail.com>
Date:   Thu Oct 2 13:59:15 2025 -0400

    Commit inicial

Bianca@MSI MINGW64 ~/Documents/Actividad7 (feature-1)
$ git config core.autocrlf input

Bianca@MSI MINGW64 ~/Documents/Actividad7 (feature-1)
$ git config core.filemode false

Bianca@MSI MINGW64 ~/Documents/Actividad7 (feature-1)
$ git checkout main && git merge feature-1
Switched to branch 'main'
Already up to date.

Bianca@MSI MINGW64 ~/Documents/Actividad7 (main)
$ git log --graph --oneline --decorate --all --first-parent > evidencias/01-ff.log
bash: evidencias/01-ff.log: No such file or directory

Bianca@MSI MINGW64 ~/Documents/Actividad7 (main)
$ git log --graph --oneline --decorate --all --first-parent
* 890b8b3 (HEAD -> main, feature-1) Commit de feature-1
* abc1234 commit inicial
