Bianca@MSI MINGW64 ~/Documents/Actividad7/no-ff
$ git init -b main
Initialized empty Git repository in C:/Users/Bianca/Documents/Actividad7/no-ff/.git/

Bianca@MSI MINGW64 ~/Documents/Actividad7/no-ff (main)
$ echo "Inicio del proyecto No-FF" > README.txt

Bianca@MSI MINGW64 ~/Documents/Actividad7/no-ff (main)        
$ git add README.txt

Bianca@MSI MINGW64 ~/Documents/Actividad7/no-ff (main)        
$ git commit -m "Commit inicial"
[main (root-commit) b3b3c01] Commit inicial
 1 file changed, 1 insertion(+)
 create mode 100644 README.txt

Bianca@MSI MINGW64 ~/Documents/Actividad7/no-ff (main)        
$ git checkout -b add-feature
Switched to a new branch 'add-feature'

Bianca@MSI MINGW64 ~/Documents/Actividad7/no-ff (add-feature) 
$ echo "Cambio 1" >> archivo.txt

Bianca@MSI MINGW64 ~/Documents/Actividad7/no-ff (add-feature) 
$ git add archivo.txt

Bianca@MSI MINGW64 ~/Documents/Actividad7/no-ff (add-feature) 
$ git commit -m "Primer commit de feature"
[add-feature dab76b8] Primer commit de feature
 1 file changed, 1 insertion(+)
 create mode 100644 archivo.txt

Bianca@MSI MINGW64 ~/Documents/Actividad7/no-ff (add-feature) 
$ echo "Cambio 2" >> archivo.txt

Bianca@MSI MINGW64 ~/Documents/Actividad7/no-ff (add-feature) 
$ git add archivo.txt

Bianca@MSI MINGW64 ~/Documents/Actividad7/no-ff (add-feature) 
$ git commit -m "Segundo commit de feature"
[add-feature 459639d] Segundo commit de feature
 1 file changed, 1 insertion(+)

Bianca@MSI MINGW64 ~/Documents/Actividad7/no-ff (add-feature) 
$ git checkout main
Switched to branch 'main'

Bianca@MSI MINGW64 ~/Documents/Actividad7/no-ff (main)        
$ git merge --no-ff add-feature
Merge made by the 'ort' strategy.
 archivo.txt | 2 ++
 1 file changed, 2 insertions(+)
 create mode 100644 archivo.txt

Bianca@MSI MINGW64 ~/Documents/Actividad7/no-ff (main)        
$ git log --graph --oneline --decorate --all
*   5b9f0c2 (HEAD -> main) Merge branch 'add-feature'
|\
| * 459639d (add-feature) Segundo commit de feature
| * dab76b8 Primer commit de feature
|/
* b3b3c01 Commit inicial
