Bianca@MSI MINGW64 ~/Documents/Actividad7/conflicto
$ git init -b main
Initialized empty Git repository in C:/Users/Bianca/Documents/Actividad7/conflicto/.git/

Bianca@MSI MINGW64 ~/Documents/Actividad7/conflicto (main)    
$ echo "<h1>Proyecto CC3S2</h1>" > index.html

Bianca@MSI MINGW64 ~/Documents/Actividad7/conflicto (main)    
$ git add index.html

Bianca@MSI MINGW64 ~/Documents/Actividad7/conflicto (main)    
$ git commit -m "Commit inicial: index.html"
[main (root-commit) 68fa00e] Commit inicial: index.html
 1 file changed, 1 insertion(+)
 create mode 100644 index.html

Bianca@MSI MINGW64 ~/Documents/Actividad7/conflicto (main)    
$ git checkout -b feature-update
Switched to a new branch 'feature-update'

Bianca@MSI MINGW64 ~/Documents/Actividad7/conflicto (feature-update)
$ echo "<h1>Proyecto CC3S2 (feature)</h1>" > index.html

Bianca@MSI MINGW64 ~/Documents/Actividad7/conflicto (feature-update)
$ git add index.html

Bianca@MSI MINGW64 ~/Documents/Actividad7/conflicto (feature-update)
$ git commit -m "Feature-update: cambio de título"
[feature-update 5e328e0] Feature-update: cambio de título
 1 file changed, 1 insertion(+), 1 deletion(-)

Bianca@MSI MINGW64 ~/Documents/Actividad7/conflicto (feature-update)
$ git checkout main
Switched to branch 'main'

Bianca@MSI MINGW64 ~/Documents/Actividad7/conflicto (main)    
$ echo "<h1>Proyecto CC3S2 (main)</h1>" > index.html

Bianca@MSI MINGW64 ~/Documents/Actividad7/conflicto (main)    
$ git add index.html

Bianca@MSI MINGW64 ~/Documents/Actividad7/conflicto (main)    
$ git commit -m "Main: cambio de título"
[main a07ae96] Main: cambio de título
 1 file changed, 1 insertion(+), 1 deletion(-)

Bianca@MSI MINGW64 ~/Documents/Actividad7/conflicto (main)    
$ git merge --no-ff feature-update
Auto-merging index.html
CONFLICT (content): Merge conflict in index.html
Automatic merge failed; fix conflicts and then commit the result.

Bianca@MSI MINGW64 ~/Documents/Actividad7/conflicto (main|MERGING)
$ git status
On branch main
You have unmerged paths.
  (fix conflicts and run "git commit")
  (use "git merge --abort" to abort the merge)

Unmerged paths:
  (use "git add <file>..." to mark resolution)
        both modified:   index.html

no changes added to commit (use "git add" and/or "git commit -a")

Bianca@MSI MINGW64 ~/Documents/Actividad7/conflicto (main|MERGING)
$ git diff
diff --cc index.html
index 2a547e2,e9f19fe..0000000
--- a/index.html
+++ b/index.html
@@@ -1,1 -1,1 +1,5 @@@
++<<<<<<< HEAD
 +<h1>Proyecto CC3S2 (main)</h1>
++=======
+ <h1>Proyecto CC3S2 (feature)</h1>
++>>>>>>> feature-update

Bianca@MSI MINGW64 ~/Documents/Actividad7/conflicto (main|MERGING)
$ git add index.html

Bianca@MSI MINGW64 ~/Documents/Actividad7/conflicto (main|MERGING)
$ git commit -m "Merge feature-update resolviendo conflicto"
[main bccbc46] Merge feature-update resolviendo conflicto

Bianca@MSI MINGW64 ~/Documents/Actividad7/conflicto (main)    
$ git log --graph --oneline --decorate --all
*   bccbc46 (HEAD -> main) Merge feature-update resolviendo conflicto
|\
| * 5e328e0 (feature-update) Feature-update: cambio de título 
* | a07ae96 Main: cambio de título
|/
* 68fa00e Commit inicial: index.html

Bianca@MSI MINGW64 ~/Documents/Actividad7/conflicto (main)    
$