Bianca@MSI MINGW64 ~/Documents/Actividad7/ff-only (main)      
$ echo "Inicio del proyecto FF-only" > README.md

Bianca@MSI MINGW64 ~/Documents/Actividad7/ff-only (main)      
$ git add README.md

Bianca@MSI MINGW64 ~/Documents/Actividad7/ff-only (main)      
$ git commit -m "Commit inicial"
[main (root-commit) dc1082c] Commit inicial
 1 file changed, 1 insertion(+)
 create mode 100644 README.md

Bianca@MSI MINGW64 ~/Documents/Actividad7/ff-only (main)      
$ git checkout -b feature-ffonly
Switched to a new branch 'feature-ffonly'

Bianca@MSI MINGW64 ~/Documents/Actividad7/ff-only (feature-ffonly)
$ echo "Cambio rápido" >> archivo.txt

Bianca@MSI MINGW64 ~/Documents/Actividad7/ff-only (feature-ffonly)
$ git add archivo.txt

Bianca@MSI MINGW64 ~/Documents/Actividad7/ff-only (feature-ffonly)
$ git commit -m "Commit de feature-ffonly"
[feature-ffonly 3d74689] Commit de feature-ffonly
 1 file changed, 1 insertion(+)
 create mode 100644 archivo.txt

Bianca@MSI MINGW64 ~/Documents/Actividad7/ff-only (feature-ffonly)
$ git checkout main
Switched to branch 'main'

Bianca@MSI MINGW64 ~/Documents/Actividad7/ff-only (main)      
$ git merge --ff-only feature-ffonly
Updating dc1082c..3d74689
Fast-forward
 archivo.txt | 1 +
 1 file changed, 1 insertion(+)
 create mode 100644 archivo.txt

Bianca@MSI MINGW64 ~/Documents/Actividad7/ff-only (main)      
$ echo "Commit extra en main" >> README.md

Bianca@MSI MINGW64 ~/Documents/Actividad7/ff-only (main)      
$ git add README.md

Bianca@MSI MINGW64 ~/Documents/Actividad7/ff-only (main)      
$ git commit -m "Commit extra en main"
[main 8f1308d] Commit extra en main
 1 file changed, 1 insertion(+)

Bianca@MSI MINGW64 ~/Documents/Actividad7/ff-only (main)      
$ git merge --ff-only feature-ffonly  
Already up to date.

Bianca@MSI MINGW64 ~/Documents/Actividad7/ff-only (main)      
$ git log --graph --oneline --decorate --all --first-parent
* 8f1308d (HEAD -> main) Commit extra en main
* 3d74689 (feature-ffonly) Commit de feature-ffonly
* dc1082c Commit inicial
